3.1400
stack empty
binary ops require at least 2 values on the stack
yum
stack empty
