hello
true hello
3.1415 true hello
greetings 3.1415 true hello
false greetings 3.1415 true hello
23760.0000 false greetings 3.1415 true hello
