hello
2.0000 hello
2.0000 2.0000 hello
l
l
stack empty
