binary ops require at least 2 values on the stack
