g++ -Wall -pedantic -std=c++17 -c -o out/forth-g.o src/forth.cc
g++ -Wall -pedantic -std=c++17 -c -o out/stack-g.o src/stack.cc
g++ -Wall -pedantic -std=c++17 -c -o out/dict-g.o src/dict.cc
g++ -Wall -pedantic -std=c++17 -c -o out/datum-g.o src/datum.cc
g++ -Wall -pedantic -std=c++17 -c -o out/forth-g.o src/forth.cc
g++ -Wall -pedantic -std=c++17 -c -o out/datum-g.o src/datum.cc
g++ -Wall -pedantic -std=c++17 -c -o out/dict-g.o src/dict.cc
g++ -Wall -pedantic -std=c++17 -c -o out/stack-g.o src/stack.cc
g++ -Wall -pedantic -std=c++17 -lm -o bin/forth-debug out/forth-g.o out/datum-g.o out/dict-g.o out/stack-g.o
g++ -Wall -pedantic -std=c++17 -c -o out/forth-g.o src/forth.cc
g++ -Wall -pedantic -std=c++17 -c -o out/datum-g.o src/datum.cc
g++ -Wall -pedantic -std=c++17 -c -o out/dict-g.o src/dict.cc
g++ -Wall -pedantic -std=c++17 -c -o out/stack-g.o src/stack.cc
g++ -Wall -pedantic -std=c++17 -lm -o bin/forth-debug out/forth-g.o out/datum-g.o out/dict-g.o out/stack-g.o
g++ -Wall -pedantic -std=c++17 -c -o out/forth-g.o src/forth.cc
g++ -Wall -pedantic -std=c++17 -c -o out/datum-g.o src/datum.cc
g++ -Wall -pedantic -std=c++17 -c -o out/dict-g.o src/dict.cc
g++ -Wall -pedantic -std=c++17 -c -o out/stack-g.o src/stack.cc
g++ -Wall -pedantic -std=c++17 -lm -o bin/forth-debug out/forth-g.o out/datum-g.o out/dict-g.o out/stack-g.o

