class: CMPT270
nsid: wam553
last_name: Morrice
first_name: Woody
golden_ratio: 1.618034
speed_of_light: 186.000000
sqrt2: 1.414214
e: 2.718282
pi: 3.141593
